// Jest Snapshot v1, https://goo.gl/fbAQLP

exports[`should render <LoadEarlier /> and compare with snapshot 1`] = `
<View
  accessible={true}
  isTVSelectable={true}
  onResponderGrant={[Function]}
  onResponderMove={[Function]}
  onResponderRelease={[Function]}
  onResponderTerminate={[Function]}
  onResponderTerminationRequest={[Function]}
  onStartShouldSetResponder={[Function]}
  style={
    Object {
      "alignItems": "center",
      "marginBottom": 10,
      "marginTop": 5,
      "opacity": 1,
    }
  }
>
  <View
    style={
      Array [
        Object {
          "alignItems": "center",
          "backgroundColor": "#b2b2b2",
          "borderRadius": 15,
          "height": 30,
          "justifyContent": "center",
          "paddingLeft": 10,
          "paddingRight": 10,
        },
        Object {},
      ]
    }
  >
    <Text
      style={
        Array [
          Object {
            "backgroundColor": "transparent",
            "color": "#fff",
            "fontSize": 12,
          },
          Object {},
        ]
      }
    >
      Load earlier messages
    </Text>
  </View>
</View>
`;
