// Jest Snapshot v1, https://goo.gl/fbAQLP

exports[`should render <MessageContainer /> and compare with snapshot 1`] = `
<View
  style={
    Object {
      "flex": 1,
    }
  }
/>
`;
