// Jest Snapshot v1, https://goo.gl/fbAQLP

exports[`should render <Send /> and compare with snapshot 1`] = `<View />`;
